15:57:05 INFO  : Launching XSCT server: xsct -n -sdx -interactive /home/se5-g1/Documents/PROJET_AI_ABD_BAILLOT/sdx_project/temp_xsdb_launch_script.tcl
15:57:05 INFO  : Registering command handlers for SDx TCF services
15:57:05 INFO  : Registering command handlers for SDK TCF services
15:57:06 INFO  : XSCT server has started successfully.
15:57:06 INFO  : Successfully done setting XSCT server connection channel  
15:57:06 INFO  : Successfully done setting SDK workspace  
15:57:06 INFO  : plnx-install-location is set to ''
15:57:06 INFO  : Validating SDSoC License...
15:57:06 INFO  : License available for SDSoC
15:57:06 INFO  : Validating SDAccel License...
15:57:06 INFO  : License available for SDAccel
10:54:11 INFO  : Registering command handlers for SDx TCF services
10:54:11 INFO  : Launching XSCT server: xsct -n -sdx -interactive /home/se5-g1/Documents/PROJET_AI_ABD_BAILLOT/sdx_project/temp_xsdb_launch_script.tcl
10:54:11 INFO  : Registering command handlers for SDK TCF services
10:54:12 INFO  : Validating SDSoC License...
10:54:12 INFO  : License available for SDSoC
10:54:12 INFO  : Validating SDAccel License...
10:54:12 INFO  : License available for SDAccel
10:54:12 INFO  : XSCT server has started successfully.
10:54:13 INFO  : Successfully done setting XSCT server connection channel  
10:54:13 INFO  : Successfully done setting SDK workspace  
10:54:13 INFO  : plnx-install-location is set to ''
08:04:23 INFO  : Launching XSCT server: xsct -n -sdx -interactive /home/se5-g1/Documents/PROJET_AI_ABD_BAILLOT/sdx_project/temp_xsdb_launch_script.tcl
08:04:23 INFO  : Validating SDSoC License...
08:04:23 INFO  : License available for SDSoC
08:04:23 INFO  : Validating SDAccel License...
08:04:23 INFO  : License available for SDAccel
08:04:24 INFO  : Registering command handlers for SDx TCF services
08:04:24 INFO  : Registering command handlers for SDK TCF services
08:04:24 INFO  : XSCT server has started successfully.
08:04:24 INFO  : Successfully done setting XSCT server connection channel  
08:04:24 INFO  : plnx-install-location is set to ''
08:04:24 INFO  : Successfully done setting SDK workspace  
09:45:33 INFO  : Launching XSCT server: xsct -n -sdx -interactive /home/se5-g1/Documents/PROJET_AI_ABD_BAILLOT/sdx_project/temp_xsdb_launch_script.tcl
09:45:34 INFO  : Registering command handlers for SDx TCF services
09:45:34 INFO  : Registering command handlers for SDK TCF services
09:45:34 INFO  : XSCT server has started successfully.
09:45:34 INFO  : Successfully done setting XSCT server connection channel  
09:45:34 INFO  : Successfully done setting SDK workspace  
09:45:34 INFO  : plnx-install-location is set to ''
09:45:34 INFO  : Validating SDSoC License...
09:45:34 INFO  : License available for SDSoC
09:45:34 INFO  : Validating SDAccel License...
09:45:34 INFO  : License available for SDAccel
12:55:51 INFO  : Launching XSCT server: xsct -n -sdx -interactive /home/se5-g1/Documents/PROJET_AI_ABD_BAILLOT/sdx_project/temp_xsdb_launch_script.tcl
12:55:52 INFO  : Registering command handlers for SDx TCF services
12:55:52 INFO  : Registering command handlers for SDK TCF services
12:55:52 INFO  : XSCT server has started successfully.
12:55:52 INFO  : Validating SDSoC License...
12:55:52 INFO  : License available for SDSoC
12:55:52 INFO  : Validating SDAccel License...
12:55:52 INFO  : License available for SDAccel
12:55:52 INFO  : Successfully done setting XSCT server connection channel  
12:55:52 INFO  : plnx-install-location is set to ''
12:55:52 INFO  : Successfully done setting SDK workspace  
13:05:55 ERROR : (XSDB Server)Fin de la connexion (raccroché)

13:06:16 INFO  : Launching XSCT server: xsct -n -sdx -interactive /home/se5-g1/Documents/PROJET_AI_ABD_BAILLOT/sdx_project/temp_xsdb_launch_script.tcl
13:06:17 INFO  : Registering command handlers for SDx TCF services
13:06:17 INFO  : Registering command handlers for SDK TCF services
13:06:17 INFO  : Validating SDSoC License...
13:06:17 INFO  : License available for SDSoC
13:06:17 INFO  : Validating SDAccel License...
13:06:17 INFO  : License available for SDAccel
13:06:17 INFO  : XSCT server has started successfully.
13:06:17 INFO  : Successfully done setting XSCT server connection channel  
13:06:17 INFO  : Successfully done setting SDK workspace  
13:06:17 INFO  : plnx-install-location is set to ''
15:53:20 INFO  : Registering command handlers for SDx TCF services
15:53:20 INFO  : Launching XSCT server: xsct -n -sdx -interactive /home/se5-g1/Documents/PROJET_AI_ABD_BAILLOT/sdx_project/temp_xsdb_launch_script.tcl
15:53:20 INFO  : Registering command handlers for SDK TCF services
15:53:21 INFO  : Validating SDSoC License...
15:53:21 INFO  : License available for SDSoC
15:53:21 INFO  : Validating SDAccel License...
15:53:21 INFO  : License available for SDAccel
15:53:21 INFO  : XSCT server has started successfully.
15:53:21 INFO  : Successfully done setting XSCT server connection channel  
15:53:21 INFO  : Successfully done setting SDK workspace  
15:53:22 INFO  : plnx-install-location is set to ''
